// Jest Snapshot v1, https://goo.gl/fbAQLP

exports[`Should render dashboard 1`] = `
<section
  component="Dashboard"
>
  <Connect(ExpensesSummary) />
  <Connect(ExpenseListFilters) />
  <Connect(ExpenseList) />
</section>
`;
