// Jest Snapshot v1, https://goo.gl/fbAQLP

exports[`Should render EditExpense component correctly 1`] = `
<div>
  <div
    className="page-header"
  >
    <div
      className="content-container"
    >
      <h1
        className="page-header__title"
      >
        Edit Expense
      </h1>
    </div>
  </div>
  <div
    className="content-container"
  >
    <ExpenseForm
      expense={
        Object {
          "amount": 50,
          "createdAt": 0,
          "description": "Gum bill",
          "id": "1",
          "note": "Test note",
        }
      }
      expenseIsNew={false}
      onSubmit={[Function]}
    />
  </div>
  <div
    className="content-container content-space-around-s"
  >
    <button
      className="btn md blue-secondary-bg btn-space-around"
      onClick={[Function]}
    >
      Remove Expense
    </button>
  </div>
</div>
`;
