// Jest Snapshot v1, https://goo.gl/fbAQLP

exports[`Should render ExpenseListItem with expense element 1`] = `
<Link
  className="list-item"
  to="/edit/1"
>
  <div>
    <h3
      className="list-item__title"
    >
      Gum bill
    </h3>
    <span
      className="list-item__subtitle"
    >
      December 31st, 1969
    </span>
  </div>
  <div>
    <h3
      className="list-item__data"
    >
      $0.50
    </h3>
  </div>
</Link>
`;
