// Jest Snapshot v1, https://goo.gl/fbAQLP

exports[`Should render login 1`] = `
<div
  className="box-layout"
>
  <div
    className="box-layout__box"
  >
    <h1
      className="box-layout__title"
    >
      Expensify
    </h1>
    <p>
      Get your expenses under control.
    </p>
    <button
      className=" btn md blue-bg"
    >
      Login with Google
    </button>
  </div>
</div>
`;
